// Jest Snapshot v1, https://goo.gl/fbAQLP

exports[`Error test render successfully 1`] = `
<div>
  <div
    class="container"
  >
    <div
      class="picBlock"
    >
      <div
        class="pic"
      />
    </div>
    <div
      class="textContainer"
    >
      <div
        class="textBlock"
      >
        <div
          class="text"
        >
          404
        </div>
        <div
          class="message"
        >
          Page Not Found
        </div>
        <div
          class="content"
        >
          The page you are looking for does not exist. How you got here is a mystery. But you can click the button below to go back to the homepage.
        </div>
        <button
          class="btn"
        >
          <a
            href="/"
          >
            HOME
          </a>
        </button>
      </div>
    </div>
  </div>
</div>
`;

exports[`Error test when the item is not clicked 1`] = `
<div>
  <div
    class="container"
  >
    <div
      class="picBlock"
    >
      <div
        class="pic"
      />
    </div>
    <div
      class="textContainer"
    >
      <div
        class="textBlock"
      >
        <div
          class="text"
        >
          404
        </div>
        <div
          class="message"
        >
          Page Not Found
        </div>
        <div
          class="content"
        >
          The page you are looking for does not exist. How you got here is a mystery. But you can click the button below to go back to the homepage.
        </div>
        <button
          class="btn"
        >
          <a
            href="/"
          >
            HOME
          </a>
        </button>
      </div>
    </div>
  </div>
</div>
`;
