// Jest Snapshot v1, https://goo.gl/fbAQLP

exports[`Footer test render successfully 1`] = `
<div>
  <div
    class="login_wrap"
  >
    <div
      class="login_html"
    >
      <div
        class="home"
      >
        <div>
          HOME
        </div>
        <a
          class="pic"
          href="/"
        />
      </div>
      <input
        checked=""
        class="sign_in"
        id="tab-1"
        name="tab"
        type="radio"
      />
      <label
        class="tab"
        for="tab-1"
      >
        Sign In
      </label>
      <input
        class="sign_up"
        id="tab-2"
        name="tab"
        type="radio"
      />
      <label
        class="tab"
        for="tab-2"
      >
        Sign Up
      </label>
      <div
        class="login_form"
      >
        <div
          class="sign_in_htm"
        >
          <form
            action=""
          >
            <div
              class="group"
            >
              <label
                class="label"
                for="user"
              >
                Email
              </label>
              <input
                class="input"
                id="user"
                name="usernameLogin"
                required=""
                type="email"
              />
            </div>
            <div
              class="group"
            >
              <label
                class="label"
                for="pass"
              >
                Password
              </label>
              <input
                class="input"
                data-type="password"
                id="pass"
                name="passwordLogin"
                required=""
                type="password"
              />
            </div>
            <div
              class="group"
            >
              <input
                class="button"
                type="submit"
                value="Sign In"
              />
            </div>
          </form>
          <div
            class="hr"
          />
          <div
            class="foot_lnk"
          >
            <label>
               
               
            </label>
          </div>
        </div>
        <div
          class="sign_up_htm"
        >
          <form
            action=""
          >
            <div
              class="group"
            >
              <label
                class="label"
                for="pass"
              >
                User Name
              </label>
              <input
                class="input"
                id="pass"
                name="username"
                required=""
                type="text"
              />
            </div>
            <div
              class="group"
            >
              <label
                class="label"
                for="user"
              >
                Email
              </label>
              <input
                class="input"
                id="user"
                name="emailSignup"
                required=""
                type="email"
              />
            </div>
            <div
              class="group"
            >
              <label
                class="label"
                for="pass"
              >
                Password
              </label>
              <input
                class="input"
                data-type="password"
                id="pass"
                name="passwordSignup"
                required=""
                type="password"
              />
            </div>
            <div
              class="group"
            >
              <label
                class="label"
                for="pass"
              >
                Confirm Password
              </label>
              <input
                class="input"
                data-type="password"
                id="pass"
                name="passwordConfirm"
                required=""
                type="password"
              />
            </div>
            <div
              class="group"
            >
              <label
                class="label"
                for="pass"
              >
                Phone Number
              </label>
              <input
                class="input"
                id="pass"
                name="phoneNumber"
                type="text"
              />
            </div>
            <div
              class="group"
            >
              <label
                for="tab-2"
              >
                <input
                  class="button"
                  type="submit"
                  value="Sign Up"
                />
              </label>
            </div>
          </form>
          <div
            class="hr"
          />
          <div
            class="foot_lnk"
          >
            <label>
               
               
            </label>
            <label
              for="tab-1"
            >
              <a>
                Already Member?
              </a>
               
            </label>
          </div>
        </div>
      </div>
    </div>
  </div>
</div>
`;
