// Jest Snapshot v1, https://goo.gl/fbAQLP

exports[`CompanyInfo test render successfuLly 1`] = `
<div>
  <div
    class="containerTotal"
  >
    <div
      class="textInfo"
    >
      <div
        class="title"
      >
        Apple Inc
      </div>
      <div
        class="sub"
      >
        <div
          class="stockPriceBlock"
        >
          <div
            class="price_green"
          >
            $122.41
          </div>
          <div
            class="stock_green"
          >
            ( -0.83)
          </div>
        </div>
        <div
          class="show"
        >
          <div
            class="heartUnSub"
          />
        </div>
      </div>
    </div>
    <br />
    <div
      class="container"
    >
      <img
        alt="Apple Inc"
        class="pic"
        src="https://financialmodelingprep.com/image-stock/AAPL.png"
      />
      <div
        class="text_block"
      >
        <div
          class="quote_left"
        >
          "
        </div>
        <div
          class="des"
        >
          Apple Inc. designs, manufactures, and markets smartphones, personal computers, tablets, wearables, and accessories worldwide. It also sells various related services. The company offers iPhone, a line of smartphones; Mac, a line of personal computers; iPad, a line of multi-purpose tablets; and wearables, home, and accessories comprising AirPods, Apple TV, Apple Watch, Beats products, HomePod, iPod touch, and other Apple-branded and third-party accessories. It also provides AppleCare support services; cloud services store services; and operates various platforms, including the App Store, that allow customers to discover and download applications and digital content, such as books, music, video, games, and podcasts. In addition, the company offers various services, such as Apple Arcade, a game subscription service; Apple Music, which offers users a curated listening experience with on-demand radio stations; Apple News+, a subscription news and magazine service; Apple TV+, which offers exclusive original content; Apple Card, a co-branded credit card; and Apple Pay, a cashless payment service, as well as licenses its intellectual property. The company serves consumers, and small and mid-sized businesses; and the education, enterprise, and government markets. It sells and delivers third-party applications for its products through the App Store. The company also sells its products through its retail and online stores, and direct sales force; and third-party cellular network carriers, wholesalers, retailers, and resellers. Apple Inc. was founded in 1977 and is headquartered in Cupertino, California.
        </div>
        <div
          class="quote_right"
        >
          "
        </div>
      </div>
    </div>
  </div>
</div>
`;

exports[`CompanyInfo test when the item is not clicked 1`] = `
<div>
  <div
    class="containerTotal"
  >
    <div
      class="textInfo"
    >
      <div
        class="title"
      >
        Apple Inc
      </div>
      <div
        class="sub"
      >
        <div
          class="stockPriceBlock"
        >
          <div
            class="price_green"
          >
            $122.41
          </div>
          <div
            class="stock_green"
          >
            ( -0.83)
          </div>
        </div>
        <div
          class="show"
        >
          <div
            class="heartUnSub"
          />
        </div>
      </div>
    </div>
    <br />
    <div
      class="container"
    >
      <img
        alt="Apple Inc"
        class="pic"
        src="https://financialmodelingprep.com/image-stock/AAPL.png"
      />
      <div
        class="text_block"
      >
        <div
          class="quote_left"
        >
          "
        </div>
        <div
          class="des"
        >
          Apple Inc. designs, manufactures, and markets smartphones, personal computers, tablets, wearables, and accessories worldwide. It also sells various related services. The company offers iPhone, a line of smartphones; Mac, a line of personal computers; iPad, a line of multi-purpose tablets; and wearables, home, and accessories comprising AirPods, Apple TV, Apple Watch, Beats products, HomePod, iPod touch, and other Apple-branded and third-party accessories. It also provides AppleCare support services; cloud services store services; and operates various platforms, including the App Store, that allow customers to discover and download applications and digital content, such as books, music, video, games, and podcasts. In addition, the company offers various services, such as Apple Arcade, a game subscription service; Apple Music, which offers users a curated listening experience with on-demand radio stations; Apple News+, a subscription news and magazine service; Apple TV+, which offers exclusive original content; Apple Card, a co-branded credit card; and Apple Pay, a cashless payment service, as well as licenses its intellectual property. The company serves consumers, and small and mid-sized businesses; and the education, enterprise, and government markets. It sells and delivers third-party applications for its products through the App Store. The company also sells its products through its retail and online stores, and direct sales force; and third-party cellular network carriers, wholesalers, retailers, and resellers. Apple Inc. was founded in 1977 and is headquartered in Cupertino, California.
        </div>
        <div
          class="quote_right"
        >
          "
        </div>
      </div>
    </div>
  </div>
</div>
`;
