// Jest Snapshot v1, https://goo.gl/fbAQLP

exports[`Logo test render successfully 1`] = `
<div>
  <div
    class="container"
  >
    <div
      class="pic"
    />
  </div>
</div>
`;
