// Jest Snapshot v1, https://goo.gl/fbAQLP

exports[`ArrowButton test render successfully 1`] = `
<div>
  <a
    class="arrow_left"
    href="#"
  />
</div>
`;
